// Jest Snapshot v1, https://goo.gl/fbAQLP

exports[`DatesDropdown Component matches the snapshot 1`] = `
<DatesDropdown__StyledDatesDropdown
  numWeeks={5}
>
  <DatesDropdown__StyledCalendarHeader>
    <DatesDropdown__StyledMonthButton
      onClick={[Function]}
    >
      <DatesDropdown__StyledSVG
        focusable="false"
        height="19px"
        viewBox="0 0 1000 1000"
        width="19px"
      >
        <path
          d="M336.2 274.5l-210.1 210h805.4c13 0 23 10 23 23s-10 23-23 23H126.1l210.1 210.1c11 11 11 21 0 32-5 5-10 7-16 7s-11-2-16-7l-249.1-249c-11-11-11-21 0-32l249.1-249.1c21-21.1 53 10.9 32 32z"
        />
      </DatesDropdown__StyledSVG>
    </DatesDropdown__StyledMonthButton>
    <DatesDropdown__StyledMonthTitle>
      <strong>
        2019-11
      </strong>
    </DatesDropdown__StyledMonthTitle>
    <DatesDropdown__StyledMonthButton
      onClick={[Function]}
    >
      <DatesDropdown__StyledSVG
        focusable="false"
        height="19px"
        viewBox="0 0 1000 1000"
        width="19px"
      >
        <path
          d="M694.4 242.4l249.1 249.1c11 11 11 21 0 32L694.4 772.7c-5 5-10 7-16 7s-11-2-16-7c-11-11-11-21 0-32l210.1-210.1H67.1c-13 0-23-10-23-23s10-23 23-23h805.4L662.4 274.5c-21-21.1 11-53.1 32-32.1z"
        />
      </DatesDropdown__StyledSVG>
    </DatesDropdown__StyledMonthButton>
  </DatesDropdown__StyledCalendarHeader>
  <DatesDropdown__StyledWeekTitleRow>
    <DatesDropdown__StyledWeekTitle>
      <DatesDropdown__StyledSmall>
        Su
      </DatesDropdown__StyledSmall>
    </DatesDropdown__StyledWeekTitle>
    <DatesDropdown__StyledWeekTitle>
      <DatesDropdown__StyledSmall>
        Mo
      </DatesDropdown__StyledSmall>
    </DatesDropdown__StyledWeekTitle>
    <DatesDropdown__StyledWeekTitle>
      <DatesDropdown__StyledSmall>
        Tu
      </DatesDropdown__StyledSmall>
    </DatesDropdown__StyledWeekTitle>
    <DatesDropdown__StyledWeekTitle>
      <DatesDropdown__StyledSmall>
        We
      </DatesDropdown__StyledSmall>
    </DatesDropdown__StyledWeekTitle>
    <DatesDropdown__StyledWeekTitle>
      <DatesDropdown__StyledSmall>
        Th
      </DatesDropdown__StyledSmall>
    </DatesDropdown__StyledWeekTitle>
    <DatesDropdown__StyledWeekTitle>
      <DatesDropdown__StyledSmall>
        Fr
      </DatesDropdown__StyledSmall>
    </DatesDropdown__StyledWeekTitle>
    <DatesDropdown__StyledWeekTitle>
      <DatesDropdown__StyledSmall>
        Sa
      </DatesDropdown__StyledSmall>
    </DatesDropdown__StyledWeekTitle>
  </DatesDropdown__StyledWeekTitleRow>
  <Calendar
    available={true}
    calendarMonth={
      Object {
        "add": [Function],
        "endOf": [Function],
        "format": [Function],
        "startOf": [Function],
      }
    }
    checkinValue=""
    checkoutValue={false}
    daysInMonth={31}
    firstDayOfMonth={1}
    isCheckinOpen={false}
    isCheckoutOpen={false}
    updateCheckinDate={[Function]}
    updateCheckoutDate={[Function]}
  />
  <DatesDropdown__StyledQuestionButton />
  <DatesDropdown__StyledQuestionMark>
    ?
  </DatesDropdown__StyledQuestionMark>
</DatesDropdown__StyledDatesDropdown>
`;
